4
5
0 0
50 50
- - - - - - - - - - - - - - - - - - - 0 0 0 0 0 0 0 0 0 0 0 0 - - - - - - - - - - - - - - - - - - -
- - - - - - - - - - - - - - - - - - 0 0 0 0 0 0 0 0 0 0 0 0 0 0 - - - - - - - - - - - - - - - - - -
- - - - - - - - - - - - - - - - - - 0 0 0 0 0 0 0 0 0 0 0 0 0 0 - - - - - - - - - - - - - - - - - -
- - - - - - - - - - - - - - - - - - - 0 0 0 0 0 0 0 0 0 0 0 0 - - - - - - - - - - - - - - - - - - -
- - - - - - - - - - - - - - - - - - - - - - - - 0 0 - - - - - - - - - - - - - - - - - - - - - - - -
- - - - - - - - - - - - - - - - - - - - - - - - 0 0 - - - - - - - - - - - - - - - - - - - - - - - -
- - - - - - - - - - - - - - - - - - - - - - 0 0 0 0 0 0 - - - - - - - - - - - - - - - - - - - - - -
- - - - - - - - - - - - - - - - - - - - - 0 b 0 0 i 0 b 0 - - - - - - - - - - - - - - - - - - - - -
- - - - - - - - - - - - - - - - - - - - - - 0 0 0 0 0 0 - - - - - - - - - - - - - - - - - - - - - -
- - - - - - - - - - - - - - 0 0 - - - - - - - - 0 0 - - - - - - - - 0 0 - - - - - - - - - - - - - -
- - - - - - - - - - - - - 0 b 0 - - - - - - - - 0 0 - - - - - - - - 0 b 0 - - - - - - - - - - - - -
- - - - - - - - - - - - 0 0 0 - - - - - - - - - 0 0 - - - - - - - - - 0 0 0 - - - - - - - - - - - -
- - - - - - - - - - - 0 c 0 0 - - - - - - - 0 0 0 0 0 0 - - - - - - - 0 0 c 0 - - - - - - - - - - -
- - - - - - - - - - 0 0 0 0 0 0 - - - - 0 0 0 0 0 0 0 0 0 0 - - - - 0 0 0 0 0 0 - - - - - - - - - -
- - - - - - - - - 0 b 0 0 0 0 0 0 - 0 0 0 0 0 0 0 0 0 0 0 0 0 0 - 0 0 0 0 0 0 b 0 - - - - - - - - -
- - - - - - - - - 0 0 - - 0 0 0 0 0 0 0 0 0 0 0 0 0 0 0 0 0 0 0 0 0 0 0 0 - - 0 0 - - - - - - - - -
- - - - - - - - - - - - - - 0 0 0 0 0 0 0 0 0 0 0 0 0 0 0 0 0 0 0 0 0 0 - - - - - - - - - - - - - -
- - - - - - - - - - - - - - - 0 0 0 0 0 0 0 0 0 0 0 0 0 0 0 0 0 0 0 0 - - - - - - - - - - - - - - -
- 0 0 - - - - - - - - - - - 0 0 0 0 0 0 0 0 0 0 0 0 0 0 0 0 0 0 0 0 0 0 - - - - - - - - - - - 0 0 -
0 0 0 0 - - - - - - - - - - 0 0 0 0 0 0 0 0 0 0 0 0 0 0 0 0 0 0 0 0 0 0 - - - - - - - - - - 0 0 0 0
0 0 0 0 - - - - - - - - - 0 0 0 0 0 0 0 0 0 0 0 0 0 0 0 0 0 0 0 0 0 0 0 0 - - - - - - - - - 0 0 0 0
0 0 0 0 - - - 0 - - - - - 0 0 0 0 0 0 0 0 0 0 0 0 0 0 0 0 0 0 0 0 0 0 0 0 - - - - - 0 - - - 0 0 0 0
0 0 0 0 - - 0 b 0 - - - 0 0 0 0 0 0 0 0 0 0 0 0 0 0 0 0 0 0 0 0 0 0 0 0 0 0 - - - 0 b 0 - - 0 0 0 0
0 0 0 0 - - 0 0 0 - - - 0 0 0 0 0 0 0 0 0 0 0 1 2 3 4 0 0 0 0 0 0 0 0 0 0 0 - - - 0 0 0 - - 0 0 0 0
0 0 0 0 0 0 0 i 0 0 0 0 0 0 0 0 0 0 0 0 0 0 0 4 1 2 3 0 0 0 0 0 0 0 0 0 0 0 0 0 0 0 0 0 0 0 0 0 0 0
0 0 0 0 0 0 0 0 0 0 0 0 0 0 0 0 0 0 0 0 0 0 0 3 4 1 2 0 0 0 0 0 0 0 0 0 0 0 0 0 0 0 i 0 0 0 0 0 0 0
0 0 0 0 - - 0 0 0 - - - 0 0 0 0 0 0 0 0 0 0 0 2 3 4 1 0 0 0 0 0 0 0 0 0 0 0 - - - 0 0 0 - - 0 0 0 0
0 0 0 0 - - 0 b 0 - - - 0 0 0 0 0 0 0 0 0 0 0 0 0 0 0 0 0 0 0 0 0 0 0 0 0 0 - - - 0 b 0 - - 0 0 0 0
0 0 0 0 - - - 0 - - - - - 0 0 0 0 0 0 0 0 0 0 0 0 0 0 0 0 0 0 0 0 0 0 0 0 - - - - - 0 - - - 0 0 0 0
0 0 0 0 - - - - - - - - - 0 0 0 0 0 0 0 0 0 0 0 0 0 0 0 0 0 0 0 0 0 0 0 0 - - - - - - - - - 0 0 0 0
0 0 0 0 - - - - - - - - - - 0 0 0 0 0 0 0 0 0 0 0 0 0 0 0 0 0 0 0 0 0 0 - - - - - - - - - - 0 0 0 0
- 0 0 - - - - - - - - - - - 0 0 0 0 0 0 0 0 0 0 0 0 0 0 0 0 0 0 0 0 0 0 - - - - - - - - - - - 0 0 -
- - - - - - - - - - - - - - - 0 0 0 0 0 0 0 0 0 0 0 0 0 0 0 0 0 0 0 0 - - - - - - - - - - - - - - -
- - - - - - - - - - - - - - 0 0 0 0 0 0 0 0 0 0 0 0 0 0 0 0 0 0 0 0 0 0 - - - - - - - - - - - - - -
- - - - - - - - - 0 0 - - 0 0 0 0 0 0 0 0 0 0 0 0 0 0 0 0 0 0 0 0 0 0 0 0 - - 0 0 - - - - - - - - -
- - - - - - - - - 0 b 0 0 0 0 0 0 - 0 0 0 0 0 0 0 0 0 0 0 0 0 0 - 0 0 0 0 0 0 b 0 - - - - - - - - -
- - - - - - - - - - 0 0 0 0 0 0 - - - - 0 0 0 0 0 0 0 0 0 0 - - - - 0 0 0 0 0 0 - - - - - - - - - -
- - - - - - - - - - - 0 c 0 0 - - - - - - - 0 0 0 0 0 0 - - - - - - - 0 0 c 0 - - - - - - - - - - -
- - - - - - - - - - - - 0 0 0 - - - - - - - - - 0 0 - - - - - - - - - 0 0 0 - - - - - - - - - - - -
- - - - - - - - - - - - - 0 b 0 - - - - - - - - 0 0 - - - - - - - - 0 b 0 - - - - - - - - - - - - -
- - - - - - - - - - - - - - 0 0 - - - - - - - - 0 0 - - - - - - - - 0 0 - - - - - - - - - - - - - -
- - - - - - - - - - - - - - - - - - - - - - 0 0 0 0 0 0 - - - - - - - - - - - - - - - - - - - - - -
- - - - - - - - - - - - - - - - - - - - - 0 b 0 i 0 0 b 0 - - - - - - - - - - - - - - - - - - - - -
- - - - - - - - - - - - - - - - - - - - - - 0 0 0 0 0 0 - - - - - - - - - - - - - - - - - - - - - -
- - - - - - - - - - - - - - - - - - - - - - - - 0 0 - - - - - - - - - - - - - - - - - - - - - - - -
- - - - - - - - - - - - - - - - - - - - - - - - 0 0 - - - - - - - - - - - - - - - - - - - - - - - -
- - - - - - - - - - - - - - - - - - - 0 0 0 0 0 0 0 0 0 0 0 0 - - - - - - - - - - - - - - - - - - -
- - - - - - - - - - - - - - - - - - 0 0 0 0 0 0 0 0 0 0 0 0 0 0 - - - - - - - - - - - - - - - - - -
- - - - - - - - - - - - - - - - - - 0 0 0 0 0 0 0 0 0 0 0 0 0 0 - - - - - - - - - - - - - - - - - -
- - - - - - - - - - - - - - - - - - - 0 0 0 0 0 0 0 0 0 0 0 0 - - - - - - - - - - - - - - - - - - -
18 1 6 <-> 1 18 0
1 31 4 <-> 18 48 6
31 48 2 <-> 48 31 4
48 18 0 <-> 31 1 2
18 2 6 <-> 2 18 0
2 31 4 <-> 18 47 6
31 47 2 <-> 47 31 4
47 18 0 <-> 31 2 2
21 7 6 <-> 15 9 1
9 15 5 <-> 7 21 0
7 28 4 <-> 9 34 7
15 40 3 <-> 21 42 6
28 42 2 <-> 34 40 5
40 34 1 <-> 42 28 4
42 21 0 <-> 40 15 3
34 9 7 <-> 28 7 2
